<html>
<body>
<pre>
<h1>µVision Build Log</h1>
<h2>Tool Versions:</h2>
IDE-Version: ¦ÌVision V5.33.0.0
Copyright (C) 2020 ARM Ltd and ARM Germany GmbH. All rights reserved.
License Information: xi dongxu, heilongjiangbayinongkendaxue, LIC=KIVNB-2M46Q-79TG1-CRJ3Z-2SW4Q-VCY0X
 
Tool Versions:
Toolchain:       MDK-ARM Professional  Version: 5.33.0.0
Toolchain Path:  C:\Keil_v5\ARM\ARMCLANG\Bin
C Compiler:      ArmClang.exe V6.15
Assembler:       Armasm.exe V6.15
Linker/Locator:  ArmLink.exe V6.15
Library Manager: ArmAr.exe V6.15
Hex Converter:   FromElf.exe V6.15
CPU DLL:         SARMCM3.DLL V5.33.0.0
Dialog DLL:      DCM.DLL V1.17.3.0
Target DLL:      STLink\ST-LINKIII-KEIL_SWO.dll V3.0.8.0
Dialog DLL:      TCM.DLL V1.48.0.0
 
<h2>Project:</h2>
C:\Users\xdx\code\programer_project\Net_Project\H7_NetxDuo\MDK-ARM\H7_NetxDuo.uvprojx
Project File Date:  06/12/2022

<h2>Output:</h2>
*** Using Compiler 'V6.15', folder: 'C:\Keil_v5\ARM\ARMCLANG\Bin'
Build target 'H7_NetxDuo'
compiling stm32h7xx_hal_msp.c...
assembling startup_stm32h750xx.s...
compiling stm32h7xx_hal_timebase_tim.c...
compiling main.c...
compiling eth.c...
compiling crc.c...
compiling stm32h7xx_it.c...
compiling app_threadx.c...
compiling gpio.c...
compiling app_azure_rtos.c...
compiling stm32h7xx_hal_cortex.c...
compiling app_netxduo.c...
compiling stm32h7xx_hal_crc.c...
compiling usart.c...
assembling tx_initialize_low_level.S...
compiling stm32h7xx_hal_crc_ex.c...
compiling stm32h7xx_hal_flash.c...
compiling stm32h7xx_hal_rcc.c...
compiling stm32h7xx_hal_rcc_ex.c...
compiling stm32h7xx_hal_hsem.c...
compiling stm32h7xx_hal_flash_ex.c...
compiling stm32h7xx_hal_gpio.c...
compiling stm32h7xx_hal_pwr.c...
compiling stm32h7xx_hal_pwr_ex.c...
compiling stm32h7xx_hal_dma_ex.c...
compiling stm32h7xx_hal_mdma.c...
compiling stm32h7xx_hal_dma.c...
compiling stm32h7xx_hal.c...
compiling stm32h7xx_hal_i2c_ex.c...
compiling stm32h7xx_hal_eth_ex.c...
compiling stm32h7xx_hal_exti.c...
compiling stm32h7xx_hal_eth.c...
compiling stm32h7xx_hal_i2c.c...
compiling stm32h7xx_hal_uart_ex.c...
compiling system_stm32h7xx.c...
compiling nx_arp_dynamic_entry_delete.c...
compiling nx_arp_announce_send.c...
compiling nx_arp_dynamic_entry_set.c...
compiling nx_auto_ip.c...
compiling nx_arp_enable.c...
compiling nx_arp_dynamic_entries_invalidate.c...
compiling nx_stm32_eth_driver.c...
compiling stm32h7xx_hal_tim_ex.c...
compiling nx_stm32_phy_driver.c...
compiling nx_arp_entry_allocate.c...
compiling nx_arp_entry_delete.c...
compiling stm32h7xx_hal_uart.c...
compiling nx_arp_gratuitous_send.c...
compiling nx_arp_hardware_address_find.c...
compiling nx_arp_info_get.c...
compiling nx_arp_initialize.c...
compiling stm32h7xx_hal_tim.c...
compiling nx_arp_interface_entries_delete.c...
compiling nx_arp_ip_address_find.c...
compiling nx_arp_packet_send.c...
compiling nx_arp_packet_deferred_receive.c...
compiling nx_arp_periodic_update.c...
compiling nx_arp_probe_send.c...
compiling nx_arp_queue_process.c...
compiling nx_arp_packet_receive.c...
compiling nx_arp_queue_send.c...
compiling nx_arp_static_entry_create.c...
compiling nx_arp_static_entry_delete_internal.c...
compiling nx_arp_static_entry_delete.c...
compiling nx_arp_static_entries_delete.c...
compiling nx_icmp_cleanup.c...
compiling nx_icmp_enable.c...
compiling nx_icmp_info_get.c...
compiling nx_icmp_interface_ping.c...
compiling nx_icmp_packet_process.c...
compiling nx_icmp_interface_ping6.c...
compiling nx_icmp_ping.c...
compiling nx_icmp_queue_process.c...
compiling nx_icmpv4_packet_process.c...
compiling nx_icmp_packet_receive.c...
compiling nx_icmpv4_process_echo_reply.c...
compiling nx_icmpv4_process_echo_request.c...
compiling nx_icmpv4_send_error_message.c...
compiling nx_igmp_enable.c...
compiling nx_igmp_info_get.c...
compiling nx_igmp_loopback_disable.c...
compiling nx_igmp_interface_report_send.c...
compiling nx_igmp_multicast_check.c...
compiling nx_igmp_loopback_enable.c...
compiling nx_igmp_multicast_interface_join.c...
compiling nx_igmp_multicast_interface_leave.c...
compiling nx_igmp_multicast_interface_join_internal.c...
compiling nx_igmp_multicast_interface_leave_internal.c...
compiling nx_igmp_multicast_join.c...
compiling nx_igmp_multicast_leave.c...
compiling nx_igmp_packet_receive.c...
compiling nx_igmp_periodic_processing.c...
compiling nx_igmp_packet_process.c...
compiling nx_igmp_queue_process.c...
compiling nx_invalidate_destination_entry.c...
compiling nx_ip_address_change_notify.c...
compiling nx_ip_address_get.c...
compiling nx_ip_address_set.c...
compiling nx_ip_auxiliary_packet_pool_set.c...
compiling nx_ip_checksum_compute.c...
compiling nx_ip_create.c...
compiling nx_ip_deferred_link_status_process.c...
compiling nx_ip_delete_queue_clear.c...
compiling nx_ip_delete.c...
compiling nx_ip_dispatch_process.c...
compiling nx_ip_driver_deferred_enable.c...
compiling nx_ip_driver_deferred_processing.c...
compiling nx_ip_driver_deferred_receive.c...
compiling nx_ip_driver_direct_command.c...
compiling nx_ip_driver_interface_direct_command.c...
compiling nx_ip_driver_link_status_event.c...
compiling nx_ip_driver_packet_send.c...
compiling nx_ip_fast_periodic_timer_entry.c...
compiling nx_ip_forward_packet_process.c...
compiling nx_ip_forwarding_disable.c...
compiling nx_ip_forwarding_enable.c...
compiling nx_ip_fragment_disable.c...
compiling nx_ip_fragment_assembly.c...
compiling nx_ip_fragment_enable.c...
compiling nx_ip_fragment_forward_packet.c...
compiling nx_ip_fragment_packet.c...
compiling nx_ip_fragment_timeout_check.c...
compiling nx_ip_gateway_address_clear.c...
compiling nx_ip_gateway_address_get.c...
compiling nx_ip_gateway_address_set.c...
compiling nx_ip_info_get.c...
compiling nx_ip_header_add.c...
compiling nx_ip_initialize.c...
compiling nx_ip_interface_address_mapping_configure.c...
compiling nx_ip_interface_address_get.c...
compiling nx_ip_interface_address_set.c...
compiling nx_ip_interface_attach.c...
compiling nx_ip_interface_capability_get.c...
compiling nx_ip_interface_capability_set.c...
compiling nx_ip_interface_info_get.c...
compiling nx_ip_interface_detach.c...
compiling nx_ip_interface_mtu_set.c...
compiling nx_ip_interface_physical_address_get.c...
compiling nx_ip_interface_physical_address_set.c...
compiling nx_ip_interface_status_check.c...
compiling nx_ip_link_status_change_notify_set.c...
compiling nx_ip_max_payload_size_find.c...
compiling nx_ip_packet_checksum_compute.c...
compiling nx_ip_packet_deferred_receive.c...
compiling nx_ip_packet_receive.c...
compiling nx_ip_packet_send.c...
compiling nx_ip_periodic_timer_entry.c...
compiling nx_ip_raw_packet_cleanup.c...
compiling nx_ip_raw_packet_enable.c...
compiling nx_ip_raw_packet_filter_set.c...
compiling nx_ip_raw_packet_disable.c...
compiling nx_ip_raw_packet_processing.c...
compiling nx_ip_raw_packet_receive.c...
compiling nx_ip_raw_packet_send.c...
compiling nx_ip_raw_packet_source_send.c...
compiling nx_ip_raw_receive_queue_max_set.c...
compiling nx_ip_route_find.c...
compiling nx_ip_static_route_add.c...
compiling nx_ip_static_route_delete.c...
compiling nx_ip_status_check.c...
compiling nx_ipv4_multicast_interface_join.c...
compiling nx_ip_thread_entry.c...
compiling nx_ipv4_multicast_interface_leave.c...
compiling nx_ipv4_option_process.c...
compiling nx_ipv4_packet_receive.c...
compiling nx_md5.c...
compiling nx_packet_allocate.c...
compiling nx_packet_copy.c...
compiling nx_packet_data_adjust.c...
compiling nx_packet_data_append.c...
compiling nx_packet_data_extract_offset.c...
compiling nx_packet_debug_info_get.c...
compiling nx_packet_data_retrieve.c...
compiling nx_packet_length_get.c...
compiling nx_packet_pool_cleanup.c...
compiling nx_packet_pool_create.c...
compiling nx_packet_pool_delete.c...
compiling nx_packet_pool_initialize.c...
compiling nx_packet_pool_info_get.c...
compiling nx_packet_pool_low_watermark_set.c...
compiling nx_packet_release.c...
compiling nx_packet_transmit_release.c...
compiling nx_rarp_disable.c...
compiling nx_ram_network_driver.c...
compiling nx_rarp_enable.c...
compiling nx_rarp_info_get.c...
compiling nx_rarp_packet_deferred_receive.c...
compiling nx_rarp_packet_receive.c...
compiling nx_rarp_packet_send.c...
compiling nx_rarp_periodic_update.c...
compiling nx_rarp_queue_process.c...
compiling nx_tcp_cleanup_deferred.c...
compiling nx_system_initialize.c...
compiling nx_tcp_client_bind_cleanup.c...
compiling nx_tcp_client_socket_bind.c...
compiling nx_tcp_client_socket_connect.c...
compiling nx_tcp_client_socket_port_get.c...
compiling nx_tcp_client_socket_unbind.c...
compiling nx_tcp_connect_cleanup.c...
compiling nx_tcp_deferred_cleanup_check.c...
compiling nx_tcp_disconnect_cleanup.c...
compiling nx_tcp_enable.c...
compiling nx_tcp_fast_periodic_processing.c...
compiling nx_tcp_free_port_find.c...
compiling nx_tcp_info_get.c...
compiling nx_tcp_initialize.c...
compiling nx_tcp_mss_option_get.c...
compiling nx_tcp_no_connection_reset.c...
compiling nx_tcp_packet_receive.c...
compiling nx_tcp_packet_process.c...
compiling nx_tcp_packet_send_ack.c...
compiling nx_tcp_packet_send_control.c...
compiling nx_tcp_packet_send_fin.c...
compiling nx_tcp_packet_send_probe.c...
compiling nx_tcp_packet_send_rst.c...
compiling nx_tcp_packet_send_syn.c...
compiling nx_tcp_periodic_processing.c...
compiling nx_tcp_queue_process.c...
compiling nx_tcp_receive_cleanup.c...
compiling nx_tcp_server_socket_accept.c...
compiling nx_tcp_server_socket_listen.c...
compiling nx_tcp_server_socket_relisten.c...
compiling nx_tcp_server_socket_unaccept.c...
compiling nx_tcp_server_socket_unlisten.c...
compiling nx_tcp_socket_block_cleanup.c...
compiling nx_tcp_socket_bytes_available.c...
compiling nx_tcp_socket_connection_reset.c...
compiling nx_tcp_socket_create.c...
compiling nx_tcp_socket_delete.c...
compiling nx_tcp_socket_disconnect.c...
compiling nx_tcp_socket_disconnect_complete_notify.c...
compiling nx_tcp_socket_establish_notify.c...
compiling nx_tcp_socket_info_get.c...
compiling nx_tcp_socket_mss_get.c...
compiling nx_tcp_socket_mss_peer_get.c...
compiling nx_tcp_socket_mss_set.c...
compiling nx_tcp_socket_peer_info_get.c...
compiling nx_tcp_socket_packet_process.c...
compiling nx_tcp_socket_queue_depth_notify_set.c...
compiling nx_tcp_socket_receive.c...
compiling nx_tcp_socket_receive_notify.c...
compiling nx_tcp_socket_receive_queue_flush.c...
compiling nx_tcp_socket_receive_queue_max_set.c...
compiling nx_tcp_socket_retransmit.c...
compiling nx_tcp_socket_send.c...
compiling nx_tcp_socket_send_internal.c...
compiling nx_tcp_socket_state_ack_check.c...
compiling nx_tcp_socket_state_closing.c...
compiling nx_tcp_socket_state_established.c...
compiling nx_tcp_socket_state_data_check.c...
compiling nx_tcp_socket_state_fin_wait1.c...
compiling nx_tcp_socket_state_fin_wait2.c...
compiling nx_tcp_socket_state_last_ack.c...
compiling nx_tcp_socket_state_syn_received.c...
compiling nx_tcp_socket_state_syn_sent.c...
compiling nx_tcp_socket_state_transmit_check.c...
compiling nx_tcp_socket_state_wait.c...
compiling nx_tcp_socket_thread_resume.c...
compiling nx_tcp_socket_thread_suspend.c...
compiling nx_tcp_socket_timed_wait_callback.c...
compiling nx_tcp_socket_transmit_configure.c...
compiling nx_tcp_socket_transmit_queue_flush.c...
compiling nx_tcp_socket_window_update_notify_set.c...
compiling nx_tcp_window_scaling_option_get.c...
compiling nx_tcp_transmit_cleanup.c...
compiling nx_udp_bind_cleanup.c...
compiling nx_udp_enable.c...
compiling nx_udp_free_port_find.c...
compiling nx_udp_info_get.c...
compiling nx_udp_packet_info_extract.c...
compiling nx_udp_receive_cleanup.c...
compiling nx_udp_packet_receive.c...
compiling nx_udp_socket_bind.c...
compiling nx_udp_socket_bytes_available.c...
compiling nx_udp_socket_checksum_disable.c...
compiling nx_udp_socket_checksum_enable.c...
compiling nx_udp_socket_create.c...
compiling nx_udp_socket_delete.c...
compiling nx_udp_socket_info_get.c...
compiling nx_udp_socket_port_get.c...
compiling nx_udp_socket_receive.c...
compiling nx_udp_socket_receive_notify.c...
compiling nx_udp_socket_send.c...
compiling nx_udp_socket_source_send.c...
compiling nx_udp_source_extract.c...
compiling nx_udp_socket_unbind.c...
compiling nx_utility.c...
compiling nxd_icmp_enable.c...
compiling nxd_icmp_ping.c...
compiling nxd_icmp_source_ping.c...
compiling nxd_ip_raw_packet_send.c...
compiling nxd_ip_raw_packet_source_send.c...
compiling nxd_tcp_client_socket_connect.c...
compiling nxd_tcp_socket_peer_info_get.c...
compiling nxd_udp_packet_info_extract.c...
compiling nxd_udp_socket_send.c...
compiling nxd_udp_socket_source_send.c...
compiling nxd_udp_source_extract.c...
compiling nxde_icmp_enable.c...
compiling nxde_icmp_ping.c...
compiling nxde_icmp_source_ping.c...
compiling nxde_ip_raw_packet_send.c...
compiling nxde_ip_raw_packet_source_send.c...
compiling nxde_tcp_client_socket_connect.c...
compiling nxde_tcp_socket_peer_info_get.c...
compiling nxde_udp_packet_info_extract.c...
compiling nxde_udp_socket_send.c...
compiling nxde_udp_socket_source_send.c...
compiling nxde_udp_source_extract.c...
compiling nxe_arp_dynamic_entries_invalidate.c...
compiling nxe_arp_dynamic_entry_set.c...
compiling nxe_arp_enable.c...
compiling nxe_arp_entry_delete.c...
compiling nxe_arp_gratuitous_send.c...
compiling nxe_arp_hardware_address_find.c...
compiling nxe_arp_info_get.c...
compiling nxe_arp_ip_address_find.c...
compiling nxe_arp_static_entries_delete.c...
compiling nxe_arp_static_entry_create.c...
compiling nxe_arp_static_entry_delete.c...
compiling nxe_icmp_enable.c...
compiling nxe_icmp_info_get.c...
compiling nxe_icmp_ping.c...
compiling nxe_igmp_enable.c...
compiling nxe_igmp_info_get.c...
compiling nxe_igmp_loopback_enable.c...
compiling nxe_igmp_loopback_disable.c...
compiling nxe_igmp_multicast_interface_join.c...
compiling nxe_igmp_multicast_interface_leave.c...
compiling nxe_igmp_multicast_join.c...
compiling nxe_igmp_multicast_leave.c...
compiling nxe_ip_address_change_notify.c...
compiling nxe_ip_address_get.c...
compiling nxe_ip_address_set.c...
compiling nxe_ip_auxiliary_packet_pool_set.c...
compiling nxe_ip_create.c...
compiling nxe_ip_delete.c...
compiling nxe_ip_driver_direct_command.c...
compiling nxe_ip_driver_interface_direct_command.c...
compiling nxe_ip_forwarding_disable.c...
compiling nxe_ip_forwarding_enable.c...
compiling nxe_ip_fragment_disable.c...
compiling nxe_ip_fragment_enable.c...
compiling nxe_ip_gateway_address_clear.c...
compiling nxe_ip_gateway_address_get.c...
compiling nxe_ip_gateway_address_set.c...
compiling nxe_ip_info_get.c...
compiling nxe_ip_interface_address_get.c...
compiling nxe_ip_interface_address_mapping_configure.c...
compiling nxe_ip_interface_address_set.c...
compiling nxe_ip_interface_attach.c...
compiling nxe_ip_interface_capability_get.c...
compiling nxe_ip_interface_capability_set.c...
compiling nxe_ip_interface_detach.c...
compiling nxe_ip_interface_info_get.c...
compiling nxe_ip_interface_mtu_set.c...
compiling nxe_ip_interface_physical_address_get.c...
compiling nxe_ip_interface_physical_address_set.c...
compiling nxe_ip_interface_status_check.c...
compiling nxe_ip_link_status_change_notify_set.c...
compiling nxe_ip_max_payload_size_find.c...
compiling nxe_ip_raw_packet_disable.c...
compiling nxe_ip_raw_packet_filter_set.c...
compiling nxe_ip_raw_packet_enable.c...
compiling nxe_ip_raw_packet_receive.c...
compiling nxe_ip_raw_packet_send.c...
compiling nxe_ip_raw_packet_source_send.c...
compiling nxe_ip_raw_receive_queue_max_set.c...
compiling nxe_ip_static_route_add.c...
compiling nxe_ip_static_route_delete.c...
compiling nxe_ip_status_check.c...
compiling nxe_ipv4_multicast_interface_join.c...
compiling nxe_ipv4_multicast_interface_leave.c...
compiling nxe_packet_allocate.c...
compiling nxe_packet_copy.c...
compiling nxe_packet_data_append.c...
compiling nxe_packet_data_extract_offset.c...
compiling nxe_packet_data_retrieve.c...
compiling nxe_packet_length_get.c...
compiling nxe_packet_pool_create.c...
compiling nxe_packet_pool_delete.c...
compiling nxe_packet_pool_info_get.c...
compiling nxe_packet_pool_low_watermark_set.c...
compiling nxe_packet_release.c...
compiling nxe_packet_transmit_release.c...
compiling nxe_rarp_disable.c...
compiling nxe_rarp_enable.c...
compiling nxe_rarp_info_get.c...
compiling nxe_tcp_client_socket_bind.c...
compiling nxe_tcp_client_socket_connect.c...
compiling nxe_tcp_client_socket_port_get.c...
compiling nxe_tcp_client_socket_unbind.c...
compiling nxe_tcp_enable.c...
compiling nxe_tcp_free_port_find.c...
compiling nxe_tcp_info_get.c...
compiling nxe_tcp_server_socket_accept.c...
compiling nxe_tcp_server_socket_listen.c...
compiling nxe_tcp_server_socket_relisten.c...
compiling nxe_tcp_server_socket_unaccept.c...
compiling nxe_tcp_server_socket_unlisten.c...
compiling nxe_tcp_socket_bytes_available.c...
compiling nxe_tcp_socket_create.c...
compiling nxe_tcp_socket_delete.c...
compiling nxe_tcp_socket_disconnect.c...
compiling nxe_tcp_socket_disconnect_complete_notify.c...
compiling nxe_tcp_socket_establish_notify.c...
compiling nxe_tcp_socket_info_get.c...
compiling nxe_tcp_socket_mss_get.c...
compiling nxe_tcp_socket_mss_peer_get.c...
compiling nxe_tcp_socket_mss_set.c...
compiling nxe_tcp_socket_peer_info_get.c...
compiling nxe_tcp_socket_queue_depth_notify_set.c...
compiling nxe_tcp_socket_receive.c...
compiling nxe_tcp_socket_receive_notify.c...
compiling nxe_tcp_socket_receive_queue_max_set.c...
compiling nxe_tcp_socket_send.c...
compiling nxe_tcp_socket_state_wait.c...
compiling nxe_tcp_socket_timed_wait_callback.c...
compiling nxe_tcp_socket_transmit_configure.c...
compiling nxe_tcp_socket_window_update_notify_set.c...
compiling nxe_udp_enable.c...
compiling nxe_udp_free_port_find.c...
compiling nxe_udp_info_get.c...
compiling nxe_udp_packet_info_extract.c...
compiling nxe_udp_socket_bind.c...
compiling nxe_udp_socket_bytes_available.c...
compiling nxe_udp_socket_checksum_disable.c...
compiling nxe_udp_socket_checksum_enable.c...
compiling nxe_udp_socket_create.c...
compiling nxe_udp_socket_delete.c...
compiling nxe_udp_socket_info_get.c...
compiling nxe_udp_socket_port_get.c...
compiling nxe_udp_socket_receive.c...
compiling nxe_udp_socket_receive_notify.c...
compiling nxe_udp_socket_send.c...
compiling nxe_udp_socket_source_send.c...
compiling nxe_udp_socket_unbind.c...
compiling nxe_udp_source_extract.c...
compiling nx_icmp_ping6.c...
compiling nx_icmpv6_DAD_clear_NDCache_entry.c...
compiling nx_icmpv6_DAD_failure.c...
compiling nx_icmpv6_dest_table_find.c...
compiling nx_icmpv6_dest_table_add.c...
compiling nx_icmpv6_destination_table_periodic_update.c...
compiling nx_icmpv6_packet_process.c...
compiling nx_icmpv6_perform_DAD.c...
compiling nx_icmpv6_process_echo_reply.c...
compiling nx_icmpv6_process_echo_request.c...
compiling nx_icmpv6_process_na.c...
compiling nx_icmpv6_process_ns.c...
compiling nx_icmpv6_process_packet_too_big.c...
compiling nx_icmpv6_process_ra.c...
compiling nx_icmpv6_process_redirect.c...
compiling nx_icmpv6_send_error_message.c...
compiling nx_icmpv6_send_ns.c...
compiling nx_icmpv6_send_queued_packets.c...
compiling nx_icmpv6_send_rs.c...
compiling nx_icmpv6_validate_neighbor_message.c...
compiling nx_icmpv6_validate_options.c...
compiling nx_icmpv6_validate_ra.c...
compiling nx_ipv6_fragment_process.c...
compiling nx_ipv6_multicast_join.c...
compiling nx_ipv6_header_add.c...
compiling nx_ipv6_multicast_leave.c...
compiling nx_ipv6_option_error.c...
compiling nx_ipv6_packet_copy.c...
compiling nx_ipv6_packet_receive.c...
compiling nx_ipv6_packet_send.c...
compiling nx_ipv6_prefix_list_delete.c...
compiling nx_ipv6_prefix_list_add_entry.c...
compiling nx_ipv6_prefix_list_delete_entry.c...
compiling nx_ipv6_process_fragment_option.c...
compiling nx_ipv6_process_hop_by_hop_option.c...
compiling nx_ipv6_process_routing_option.c...
compiling nxd_icmpv6_ra_flag_callback_set.c...
compiling nx_ipv6_util.c...
compiling nxd_ipv6_address_change_notify.c...
compiling nxd_ipv6_address_delete.c...
compiling nxd_ipv6_address_get.c...
compiling nxd_ipv6_address_set.c...
compiling nxd_ipv6_default_router_add.c...
compiling nxd_ipv6_default_router_add_internal.c...
compiling nxd_ipv6_default_router_delete.c...
compiling nxd_ipv6_default_router_entry_get.c...
compiling nxd_ipv6_default_router_get.c...
compiling nxd_ipv6_default_router_number_of_entries_get.c...
compiling nxd_ipv6_default_router_table_init.c...
compiling nxd_ipv6_destination_table_find_next_hop.c...
compiling nxd_ipv6_disable.c...
compiling nxd_ipv6_enable.c...
compiling nxd_ipv6_find_default_router_from_address.c...
compiling nxd_ipv6_find_max_prefix_length.c...
compiling nxd_ipv6_interface_find.c...
compiling nxd_ipv6_multicast_interface_join.c...
compiling nxd_ipv6_multicast_interface_leave.c...
compiling nxd_ipv6_prefix_router_timer_tick.c...
compiling nxd_ipv6_raw_packet_send_internal.c...
compiling nxd_ipv6_router_lookup.c...
compiling nxd_ipv6_router_solicitation_check.c...
compiling nxd_ipv6_search_onlink.c...
compiling nxd_ipv6_stateless_address_autoconfig_disable.c...
compiling nxd_ipv6_stateless_address_autoconfig_enable.c...
compiling nxde_icmpv6_ra_flag_callback_set.c...
compiling nxde_ipv6_address_change_notify.c...
compiling nxde_ipv6_address_delete.c...
compiling nxde_ipv6_address_get.c...
compiling nxde_ipv6_address_set.c...
compiling nxde_ipv6_default_router_add.c...
compiling nxde_ipv6_default_router_delete.c...
compiling nxde_ipv6_default_router_entry_get.c...
compiling nxde_ipv6_default_router_get.c...
compiling nxde_ipv6_default_router_number_of_entries_get.c...
compiling nxde_ipv6_disable.c...
compiling nxde_ipv6_enable.c...
compiling nxde_ipv6_multicast_interface_join.c...
compiling nxde_ipv6_stateless_address_autoconfig_disable.c...
compiling nxde_ipv6_multicast_interface_leave.c...
compiling nxde_ipv6_stateless_address_autoconfig_enable.c...
compiling nxd_nd_cache_entry_delete.c...
compiling nxd_nd_cache_entry_set.c...
compiling nxd_nd_cache_hardware_address_find.c...
compiling nxd_nd_cache_invalidate.c...
compiling nxd_nd_cache_ip_address_find.c...
compiling nx_tcp_server_socket_driver_listen.c...
compiling nx_tcp_socket_driver_establish.c...
compiling nx_tcp_socket_driver_packet_receive.c...
compiling nx_udp_socket_driver_packet_receive.c...
compiling nx_nd_cache_add.c...
compiling nx_nd_cache_add_entry.c...
compiling nx_nd_cache_delete_internal.c...
compiling nx_nd_cache_fast_periodic_update.c...
compiling nx_nd_cache_find_entry.c...
compiling nx_nd_cache_find_entry_by_mac_addr.c...
compiling nx_nd_cache_interface_entries_delete.c...
compiling nx_nd_cache_slow_periodic_update.c...
compiling nx_trace_event_insert.c...
compiling nx_trace_event_update.c...
compiling nx_trace_object_register.c...
compiling nx_trace_object_unregister.c...
compiling tx_initialize_high_level.c...
compiling tx_initialize_kernel_enter.c...
compiling tx_initialize_kernel_setup.c...
compiling tx_block_allocate.c...
compiling tx_block_pool_cleanup.c...
compiling tx_block_pool_create.c...
compiling tx_block_pool_delete.c...
compiling tx_block_pool_info_get.c...
compiling tx_block_pool_initialize.c...
compiling tx_block_pool_prioritize.c...
compiling tx_block_release.c...
compiling tx_byte_allocate.c...
compiling tx_byte_pool_cleanup.c...
compiling tx_byte_pool_create.c...
compiling tx_byte_pool_delete.c...
compiling tx_byte_pool_info_get.c...
compiling tx_byte_pool_initialize.c...
compiling tx_byte_pool_prioritize.c...
compiling tx_byte_pool_search.c...
compiling tx_byte_release.c...
compiling tx_event_flags_cleanup.c...
compiling tx_event_flags_create.c...
compiling tx_event_flags_delete.c...
compiling tx_event_flags_get.c...
compiling tx_event_flags_info_get.c...
compiling tx_event_flags_initialize.c...
compiling tx_event_flags_set.c...
compiling tx_event_flags_set_notify.c...
compiling tx_mutex_cleanup.c...
compiling tx_mutex_create.c...
compiling tx_mutex_delete.c...
compiling tx_mutex_get.c...
compiling tx_mutex_info_get.c...
compiling tx_mutex_initialize.c...
compiling tx_mutex_prioritize.c...
compiling tx_mutex_priority_change.c...
compiling tx_mutex_put.c...
compiling tx_queue_cleanup.c...
compiling tx_queue_create.c...
compiling tx_queue_delete.c...
compiling tx_queue_flush.c...
compiling tx_queue_front_send.c...
compiling tx_queue_info_get.c...
compiling tx_queue_initialize.c...
compiling tx_queue_prioritize.c...
compiling tx_queue_receive.c...
compiling tx_queue_send.c...
compiling tx_queue_send_notify.c...
compiling tx_semaphore_ceiling_put.c...
compiling tx_semaphore_cleanup.c...
compiling tx_semaphore_create.c...
compiling tx_semaphore_delete.c...
compiling tx_semaphore_get.c...
compiling tx_semaphore_info_get.c...
compiling tx_semaphore_initialize.c...
compiling tx_semaphore_prioritize.c...
compiling tx_semaphore_put.c...
compiling tx_semaphore_put_notify.c...
compiling tx_thread_create.c...
compiling tx_thread_delete.c...
compiling tx_thread_entry_exit_notify.c...
compiling tx_thread_identify.c...
compiling tx_thread_info_get.c...
compiling tx_thread_initialize.c...
compiling tx_thread_preemption_change.c...
compiling tx_thread_priority_change.c...
compiling tx_thread_relinquish.c...
compiling tx_thread_reset.c...
compiling tx_thread_resume.c...
compiling tx_thread_shell_entry.c...
compiling tx_thread_sleep.c...
compiling tx_thread_stack_analyze.c...
compiling tx_thread_stack_error_handler.c...
compiling tx_thread_stack_error_notify.c...
compiling tx_thread_suspend.c...
compiling tx_thread_system_preempt_check.c...
compiling tx_thread_system_resume.c...
compiling tx_thread_system_suspend.c...
compiling tx_thread_terminate.c...
compiling tx_thread_time_slice.c...
compiling tx_thread_time_slice_change.c...
compiling tx_thread_timeout.c...
compiling tx_thread_wait_abort.c...
compiling tx_time_get.c...
compiling tx_time_set.c...
compiling txe_block_allocate.c...
compiling txe_block_pool_delete.c...
compiling txe_block_pool_create.c...
compiling txe_block_pool_prioritize.c...
compiling txe_block_pool_info_get.c...
compiling txe_block_release.c...
compiling txe_byte_allocate.c...
compiling txe_byte_pool_create.c...
compiling txe_byte_pool_delete.c...
compiling txe_byte_pool_info_get.c...
compiling txe_byte_pool_prioritize.c...
compiling txe_byte_release.c...
compiling txe_event_flags_create.c...
compiling txe_event_flags_delete.c...
compiling txe_event_flags_get.c...
compiling txe_event_flags_info_get.c...
compiling txe_event_flags_set.c...
compiling txe_event_flags_set_notify.c...
compiling txe_mutex_create.c...
compiling txe_mutex_delete.c...
compiling txe_mutex_get.c...
compiling txe_mutex_info_get.c...
compiling txe_mutex_prioritize.c...
compiling txe_mutex_put.c...
compiling txe_queue_create.c...
compiling txe_queue_delete.c...
compiling txe_queue_flush.c...
compiling txe_queue_front_send.c...
compiling txe_queue_info_get.c...
compiling txe_queue_prioritize.c...
compiling txe_queue_receive.c...
compiling txe_queue_send.c...
compiling txe_queue_send_notify.c...
compiling txe_semaphore_ceiling_put.c...
compiling txe_semaphore_create.c...
compiling txe_semaphore_delete.c...
compiling txe_semaphore_get.c...
compiling txe_semaphore_info_get.c...
compiling txe_semaphore_prioritize.c...
compiling txe_semaphore_put.c...
compiling txe_semaphore_put_notify.c...
compiling txe_thread_create.c...
compiling txe_thread_delete.c...
compiling txe_thread_entry_exit_notify.c...
compiling txe_thread_info_get.c...
compiling txe_thread_preemption_change.c...
compiling txe_thread_priority_change.c...
compiling txe_thread_relinquish.c...
compiling txe_thread_reset.c...
compiling txe_thread_resume.c...
compiling txe_thread_suspend.c...
compiling txe_thread_terminate.c...
compiling txe_thread_time_slice_change.c...
compiling txe_thread_wait_abort.c...
compiling tx_timer_change.c...
compiling tx_timer_activate.c...
compiling tx_timer_create.c...
compiling tx_timer_deactivate.c...
compiling tx_timer_delete.c...
compiling tx_timer_expiration_process.c...
compiling tx_timer_info_get.c...
compiling tx_timer_system_activate.c...
compiling tx_timer_initialize.c...
compiling tx_timer_system_deactivate.c...
compiling tx_timer_thread_entry.c...
compiling txe_timer_activate.c...
compiling txe_timer_change.c...
compiling txe_timer_create.c...
compiling txe_timer_deactivate.c...
compiling txe_timer_delete.c...
compiling txe_timer_info_get.c...
compiling tx_trace_buffer_full_notify.c...
compiling tx_trace_disable.c...
compiling tx_trace_event_filter.c...
compiling tx_trace_enable.c...
compiling tx_trace_event_unfilter.c...
compiling tx_trace_initialize.c...
compiling tx_trace_interrupt_control.c...
compiling tx_trace_isr_enter_insert.c...
compiling tx_trace_isr_exit_insert.c...
compiling tx_trace_object_register.c...
compiling tx_trace_object_unregister.c...
compiling tx_trace_user_event_insert.c...
compiling tx_thread_performance_info_get.c...
compiling tx_thread_performance_system_info_get.c...
compiling tx_block_pool_performance_info_get.c...
compiling tx_block_pool_performance_system_info_get.c...
compiling tx_byte_pool_performance_info_get.c...
compiling tx_byte_pool_performance_system_info_get.c...
compiling tx_event_flags_performance_info_get.c...
compiling tx_event_flags_performance_system_info_get.c...
compiling tx_mutex_performance_info_get.c...
compiling tx_mutex_performance_system_info_get.c...
compiling tx_queue_performance_info_get.c...
compiling tx_queue_performance_system_info_get.c...
compiling tx_semaphore_performance_info_get.c...
compiling tx_semaphore_performance_system_info_get.c...
compiling tx_timer_performance_info_get.c...
compiling tx_timer_performance_system_info_get.c...
linking...
Program Size: Code=122574 RO-data=2070 RW-data=344 ZI-data=58888  
FromELF: creating hex file...
"H7_NetxDuo\H7_NetxDuo.axf" - 0 Error(s), 0 Warning(s).

<h2>Software Packages used:</h2>

Package Vendor: ARM
                http://www.keil.com/pack/ARM.CMSIS.5.7.0.pack
                ARM.CMSIS.5.7.0
                CMSIS (Cortex Microcontroller Software Interface Standard)
   * Component: CORE Version: 5.4.0

Package Vendor: Keil
                http://www.keil.com/pack/Keil.STM32H7xx_DFP.2.7.0.pack
                Keil.STM32H7xx_DFP.2.7.0
                STMicroelectronics STM32H7 Series Device Support and Examples

<h2>Collection of Component include folders:</h2>
  .\RTE\_H7_NetxDuo
  C:\Keil_v5\AppData\Arm\Packs\ARM\CMSIS\5.7.0\CMSIS\Core\Include
  C:\Keil_v5\AppData\Arm\Packs\Keil\STM32H7xx_DFP\2.7.0\Drivers\CMSIS\Device\ST\STM32H7xx\Include

<h2>Collection of Component Files used:</h2>

   * Component: ARM::CMSIS:CORE:5.4.0
      Include file:  CMSIS\Core\Include\tz_context.h
Build Time Elapsed:  00:00:24
</pre>
</body>
</html>
